// Jest Snapshot v1, https://goo.gl/fbAQLP

exports[`ng-add generating files generates new files if starting from scratch 1`] = `
"{
  \\"version\\": 1,
  \\"defaultProject\\": \\"THEPROJECT\\",
  \\"projects\\": {
    \\"THEPROJECT\\": {
      \\"projectType\\": \\"application\\",
      \\"root\\": \\"PROJECTROOT\\",
      \\"architect\\": {
        \\"build\\": {
          \\"options\\": {
            \\"outputPath\\": \\"dist/THEPROJECT\\"
          }
        },
        \\"deploy\\": {
          \\"builder\\": \\"angular-cli-ghpages:deploy\\"
        }
      }
    },
    \\"OTHERPROJECT\\": {
      \\"projectType\\": \\"application\\",
      \\"root\\": \\"PROJECTROOT\\",
      \\"architect\\": {
        \\"build\\": {
          \\"options\\": {
            \\"outputPath\\": \\"dist/OTHERPROJECT\\"
          }
        }
      }
    }
  }
}"
`;

exports[`ng-add generating files overrides existing files 1`] = `
"{
  \\"version\\": 1,
  \\"defaultProject\\": \\"THEPROJECT\\",
  \\"projects\\": {
    \\"THEPROJECT\\": {
      \\"projectType\\": \\"application\\",
      \\"root\\": \\"PROJECTROOT\\",
      \\"architect\\": {
        \\"build\\": {
          \\"options\\": {
            \\"outputPath\\": \\"dist/THEPROJECT\\"
          }
        },
        \\"deploy\\": {
          \\"builder\\": \\"angular-cli-ghpages:deploy\\"
        }
      }
    },
    \\"OTHERPROJECT\\": {
      \\"projectType\\": \\"application\\",
      \\"root\\": \\"PROJECTROOT\\",
      \\"architect\\": {
        \\"build\\": {
          \\"options\\": {
            \\"outputPath\\": \\"dist/OTHERPROJECT\\"
          }
        },
        \\"deploy\\": {
          \\"builder\\": \\"angular-cli-ghpages:deploy\\"
        }
      }
    }
  }
}"
`;
